Default/EventEtatNormal.java
Default/EventEnvoieDonneesToServer.java
Default/EventRecoitDonneesFromUser.java
Default/EventFaitRequteServeur.java
Default/EventVoitIncident.java
Default/BaseDeDonnee.java
Default/EventRecolteRenseignements.java
Default/EventFaitRequeeServeur.java
Default/EventRecoieRequeteFromServer.java
Default/IngenieurInformaticien.java
Default/EventEnvoieDonneesToCentre.java
Default/EventRequeteAttente.java
Default/EventEnAttente.java
Default/EnvoieDonnees.java
MainDefaultComponent.java
Default/EventRequeteBDD.java
Default/EventEnvoieRequeteToUser.java
Default/EventRequeteExecute.java
Default/Utilisateur.java
Default/EventRetourNormalServer.java
Default/EventFaitRequeteServeur.java
Default/EventRecoitRequete.java
Default/EventAnalyseDonnees.java
Default/EventAnalyseSituation.java
Default/RecoitRequeteServeur.java
Default/Default_pkgClass.java
Default/ServeurApplication.java
Default/EventRegroupeInformations.java
Default/EventRecoitRequeteFromCentre.java
Default/EventRetourNormalUser.java
